node.exe : C:\Users\ASUS\OneDrive\Dokumen\Coolyeah\TA\nusavocal\node_modules\typescript\lib\_tsc.js:123168
At C:\Program Files\nodejs\npx.ps1:29 char:3
+   & $NODE_EXE $NPX_CLI_JS $args
+   ~~~~~~~~~~~~~~~~~~~~~~~~~~~~~
    + CategoryInfo          : NotSpecified: (C:\Users\ASUS\O...\_tsc.js:123168:String) [], RemoteException
    + FullyQualifiedErrorId : NativeCommandError
 
      throw e;
      ^

RangeError: Maximum call stack size exceeded
    at checkExpressionWorker 
(C:\Users\ASUS\OneDrive\Dokumen\Coolyeah\TA\nusavocal\node_modules\typescript\lib\_tsc.js:80891:33)
    at checkExpression 
(C:\Users\ASUS\OneDrive\Dokumen\Coolyeah\TA\nusavocal\node_modules\typescript\lib\_tsc.js:80846:32)
    at checkNonNullExpression 
(C:\Users\ASUS\OneDrive\Dokumen\Coolyeah\TA\nusavocal\node_modules\typescript\lib\_tsc.js:74853:29)
    at checkPropertyAccessExpression 
(C:\Users\ASUS\OneDrive\Dokumen\Coolyeah\TA\nusavocal\node_modules\typescript\lib\_tsc.js:74932:162)
    at checkExpressionWorker 
(C:\Users\ASUS\OneDrive\Dokumen\Coolyeah\TA\nusavocal\node_modules\typescript\lib\_tsc.js:80937:16)
    at checkExpression 
(C:\Users\ASUS\OneDrive\Dokumen\Coolyeah\TA\nusavocal\node_modules\typescript\lib\_tsc.js:80846:32)
    at checkNonNullExpression 
(C:\Users\ASUS\OneDrive\Dokumen\Coolyeah\TA\nusavocal\node_modules\typescript\lib\_tsc.js:74853:29)
    at getEffectsSignature 
(C:\Users\ASUS\OneDrive\Dokumen\Coolyeah\TA\nusavocal\node_modules\typescript\lib\_tsc.js:70090:22)
    at getTypeAtFlowCall 
(C:\Users\ASUS\OneDrive\Dokumen\Coolyeah\TA\nusavocal\node_modules\typescript\lib\_tsc.js:70442:25)
    at getTypeAtFlowNode 
(C:\Users\ASUS\OneDrive\Dokumen\Coolyeah\TA\nusavocal\node_modules\typescript\lib\_tsc.js:70324:18)

Node.js v22.15.0
